// Jest Snapshot v1, https://goo.gl/fbAQLP

exports[`injection hook should return the value if it is bound 1`] = `
<p>
  world
</p>
`;
